1) Install dependancies.

$ sudo apt install libfftw3-dev libglfw3-dev libvolk2-dev libsoapysdr-dev libairspyhf-dev libiio-dev libad9361-dev librtaudio-dev libhackrf-dev
$ sudo apt install libzstd1 libzstd-dev
$ sudo apt install libairspy-dev
$ sudo apt install librtlsdr-dev

2) Make a place to build it.

$ mkdir tmp;cd tmp
$ unzip SDRPlusPlus-master.zip
$ cd SDRPlusPlus-master

3) Start building.

$ mkdir build;cd build
$ cmake ..

### NOTE ###############################################################
If you get errors while running cmake it will most likely be a missing library.
For example.

-- Checking for module 'libzstd'
--   No package 'libzstd' found
CMake Error at /usr/share/cmake-3.18/Modules/FindPkgConfig.cmake:545 (message):
  A required package was not found

This comes up because you're missing a required development library. In this case we do this.

$ sudo apt search libzstd
And it will return

Sorting... Done
Full Text Search... Done
golang-github-valyala-gozstd-dev/stable,stable 1.9.0+ds-7 all
  go wrapper for zstd (library)

libarchive-dev/stable 3.4.3-2+deb11u1 arm64
  Multi-format archive and compression library (development files)

libarchive13/stable,now 3.4.3-2+deb11u1 arm64 [installed,automatic]
  Multi-format archive and compression library (shared library)

libzstd-dev/stable,now 1.4.8+dfsg-2.1 arm64 [installed]
  fast lossless compression algorithm -- development files

libzstd1/stable,now 1.4.8+dfsg-2.1 arm64 [installed]
  fast lossless compression algorithm


No as you can see it's installed but if not.

$ sudo apt install libzstd-dev

This will also install libzstd1 if it isnt already and repeate for any others.
########################################################################

Now we compile it.

$ make -j5

And you will see something like this.

user@raspberrypi:~/Code/SDR/SDRPlusPlus-master/build $ make -j6
Scanning dependencies of target correct-reed-solomon
Scanning dependencies of target correct-h
Scanning dependencies of target correct-convolutional
Scanning dependencies of target error_sim_shim
Scanning dependencies of target discord-rpc
Scanning dependencies of target error_sim
[  1%] Building C object core/libcorrect/src/reed-solomon/CMakeFiles/correct-reed-solomon.dir/polynomial.c.o
[  2%] Building C object core/libcorrect/util/CMakeFiles/error_sim_shim.dir/error-sim.c.o
[  3%] Building C object core/libcorrect/util/CMakeFiles/error_sim.dir/error-sim.c.o
[  4%] Building C object core/libcorrect/src/convolutional/CMakeFiles/correct-convolutional.dir/bit.c.o
[  4%] Built target correct-h
[  5%] Building CXX object misc_modules/discord_integration/discord-rpc/src/CMakeFiles/discord-rpc.dir/discord_rpc.cpp.o
[  5%] Building C object core/libcorrect/src/convolutional/CMakeFiles/correct-convolutional.dir/metric.c.o
[  6%] Building C object core/libcorrect/src/convolutional/CMakeFiles/correct-convolutional.dir/history_buffer.c.o
/home/user/Code/SDR/SDRPlusPlus-master/core/libcorrect/src/convolutional/history_buffer.c: In function ‘history_buffer_search’:
/home/user/Code/SDR/SDRPlusPlus-master/core/libcorrect/src/convolutional/history_buffer.c:57:12: warning: ‘bestpath’ may be used uninitialized in this function [-Wmaybe-uninitialized]
   57 |     return bestpath;
      |            ^~~~~~~~
[  6%] Built target error_sim

And at the end.

/home/user/Code/SDR/SDRPlusPlus-master/misc_modules/frequency_manager/src/main.cpp:790:30: warning: ‘std::ostream& nlohmann::operator>>(const nlohmann::basic_json<>&, std::ostream&)’ is deprecated: Since 3.0.0; use operator<<(std::ostream&, const basic_json&) [-Wdeprecated-declarations]
  790 |         exportedBookmarks >> fs;
      |                              ^~
In file included from /home/user/Code/SDR/SDRPlusPlus-master/core/src/module.h:4,
                 from /home/user/Code/SDR/SDRPlusPlus-master/misc_modules/frequency_manager/src/main.cpp:3:
/home/user/Code/SDR/SDRPlusPlus-master/core/src/json.hpp:22968:26: note: declared here
22968 |     friend std::ostream& operator>>(const basic_json& j, std::ostream& o)
      |                          ^~~~~~~~
[ 96%] Linking CXX shared library meteor_demodulator.so
[ 96%] Built target meteor_demodulator
Scanning dependencies of target scanner
[ 96%] Building CXX object misc_modules/scanner/CMakeFiles/scanner.dir/src/main.cpp.o
[ 97%] Linking CXX shared library rigctl_client.so
[ 97%] Built target rigctl_client
Scanning dependencies of target do_always
[ 97%] Built target do_always
[ 97%] Building CXX object decoder_modules/radio/CMakeFiles/radio.dir/src/rds.cpp.o
[ 98%] Linking CXX shared library scanner.so
[ 98%] Built target scanner
[ 98%] Linking CXX shared library rigctl_server.so
[ 98%] Built target rigctl_server
[100%] Linking CXX shared library radio.so
[100%] Built target radio
[100%] Linking CXX shared library frequency_manager.so
[100%] Built target frequency_manager
[100%] Linking CXX shared library recorder.so
[100%] Built target recorder
user@raspberrypi:~/Code/SDR/SDRPlusPlus-master/build $

Now dont worry about warnings. Any errors, cut and paste > google is your friend.

Now to install and run.

$ sudo make install
$ sdrpp

Hope this is helps.

John Telek.
